
> sharkdom.com@0.8.0 build D:\sharkdom\New\sharkdom.com
> cross-env NODE_OPTIONS=--max-old-space-size=8192 next build

   Γû▓ Next.js 14.1.4
   - Environments: .env

   Creating an optimized production build ...
node.exe :  ΓÜá For production Image Optimization with Next.js, the optional 'sharp' package is strongly recommended. 
Run 'npm i sharp', and Next.js will use it automatically for Image Optimization.
At C:\Users\sahil\AppData\Roaming\npm\pnpm.ps1:24 char:5
+     & "node$exe"  "$basedir/node_modules/pnpm/bin/pnpm.cjs" $args
+     ~~~~~~~~~~~~~~~~~~~~~~~~~~~~~~~~~~~~~~~~~~~~~~~~~~~~~~~~~~~~~
    + CategoryInfo          : NotSpecified: ( ΓÜá For produc...e Optimization.:String) [], RemoteException
    + FullyQualifiedErrorId : NativeCommandError
 
Read more: https://nextjs.org/docs/messages/sharp-missing-in-production
 Γ£ô Compiled successfully
   Linting and checking validity of types ...

Failed to compile.

./src/app/(app)/(account-settings)/settings/_components/PlanDetails.tsx
44:6  Warning: React Hook useEffect has a missing dependency: 'fetchUserMappings'. Either include it or remove the 
dependency array.  react-hooks/exhaustive-deps

./src/app/(app)/(dashboard-pages)/api-listing/_components/api-listing-editing.tsx
194:6  Warning: React Hook useEffect has missing dependencies: 'fetchAndProcessCollection' and 'form'. Either include 
them or remove the dependency array.  react-hooks/exhaustive-deps

./src/app/(app)/(dashboard-pages)/campaigns/components/TemplateSettings.tsx
37:6  Warning: React Hook useMemo has an unnecessary dependency: 'nodes'. Either exclude it or remove the dependency 
array.  react-hooks/exhaustive-deps

./src/app/(app)/(dashboard-pages)/campaigns/[templateId]/page.tsx
102:6  Warning: React Hook useEffect has a missing dependency: 'handleGetCampaignById'. Either include it or remove 
the dependency array.  react-hooks/exhaustive-deps

./src/app/(app)/(dashboard-pages)/dashboard/dashboard-filters.tsx
36:6  Warning: React Hook useEffect has a missing dependency: 'updateParams'. Either include it or remove the 
dependency array.  react-hooks/exhaustive-deps

./src/app/(app)/(dashboard-pages)/dashboard/meetings.tsx
152:6  Warning: React Hook useEffect has missing dependencies: 'currentId' and 'otherId'. Either include them or 
remove the dependency array.  react-hooks/exhaustive-deps
197:6  Warning: React Hook useEffect has missing dependencies: 'currentId' and 'otherId'. Either include them or 
remove the dependency array.  react-hooks/exhaustive-deps

./src/app/(app)/(dashboard-pages)/dashboard/[id]/_components/meetings-availability.tsx
142:5  Warning: React Hook useCallback has a missing dependency: 'updateMeetingsAvailability'. Either include it or 
remove the dependency array.  react-hooks/exhaustive-deps

./src/app/(app)/(dashboard-pages)/dashboard/[id]/_components/ProposalDetails/ProposalDetailsOffer/ProposalDetailsOffer.
tsx
51:5  Warning: React Hook useMemo has a missing dependency: 'requestDate'. Either include it or remove the dependency 
array.  react-hooks/exhaustive-deps

./src/app/(app)/(dashboard-pages)/dashboard/_components/AddPartnersSegment.tsx
136:27  Warning: The attribute aria-disabled is not supported by the role listitem. This role is implicit on the 
element li.  jsx-a11y/role-supports-aria-props
238:27  Warning: The attribute aria-disabled is not supported by the role listitem. This role is implicit on the 
element li.  jsx-a11y/role-supports-aria-props

./src/app/(app)/(dashboard-pages)/dashboard/_components/collaborations-table.tsx
329:6  Warning: React Hook useEffect has a missing dependency: 'assignDropdown'. Either include it or remove the 
dependency array.  react-hooks/exhaustive-deps

./src/app/(app)/(dashboard-pages)/dashboard/_components/running-partnerships.tsx
58:6  Warning: React Hook useEffect has missing dependencies: 'receivedProposals' and 'sentProposals'. Either include 
them or remove the dependency array.  react-hooks/exhaustive-deps

./src/app/(app)/(dashboard-pages)/direct-deals/_components/CreateDealForm.tsx
141:6  Warning: React Hook useEffect has a missing dependency: 'setButtonDisabled'. Either include it or remove the 
dependency array. If 'setButtonDisabled' changes too often, find the parent component that defines it and wrap that 
definition in useCallback.  react-hooks/exhaustive-deps
150:6  Warning: React Hook useEffect has missing dependencies: 'form', 'isValid', 'setDealPreviewData', and 
'setFormData'. Either include them or remove the dependency array. If 'setDealPreviewData' changes too often, find the 
parent component that defines it and wrap that definition in useCallback.  react-hooks/exhaustive-deps

./src/app/(app)/(dashboard-pages)/direct-deals/_components/myDeals/MainContent.tsx
96:6  Warning: React Hook useEffect has a missing dependency: 'currentApplication'. Either include it or remove the 
dependency array.  react-hooks/exhaustive-deps

./src/app/(app)/(dashboard-pages)/direct-deals/_components/MyDealsContent.tsx
55:5  Warning: React Hook useCallback has an unnecessary dependency: 'dealId'. Either exclude it or remove the 
dependency array.  react-hooks/exhaustive-deps

./src/app/(app)/(dashboard-pages)/direct-deals/_components/payouts-earning/AddBankAccountDetails.tsx
55:6  Warning: React Hook useEffect has missing dependencies: 'form', 'handleConnectBankAccount', and 
'organization?.id'. Either include them or remove the dependency array. If 'handleConnectBankAccount' changes too 
often, find the parent component that defines it and wrap that definition in useCallback.  react-hooks/exhaustive-deps

./src/app/(app)/(dashboard-pages)/direct-deals/_components/payouts-earning/ViewRequestDrawer.tsx
141:6  Warning: React Hook useEffect has a missing dependency: 'selectedCompany'. Either include it or remove the 
dependency array.  react-hooks/exhaustive-deps

./src/app/(app)/(dashboard-pages)/dweep-ai/_components/mdx-components/SendProposalComponent.tsx
55:6  Warning: React Hook useEffect has a missing dependency: 'mdx'. Either include it or remove the dependency array. 
 react-hooks/exhaustive-deps

./src/app/(app)/(dashboard-pages)/explore/page.tsx
174:5  Warning: React Hook useCallback has missing dependencies: 'searchState.partnershipType', 
'searchState.sectorsCommaSeparated', and 'searchState.subSectorsCommaSeparated'. Either include them or remove the 
dependency array.  react-hooks/exhaustive-deps

./src/app/(app)/(dashboard-pages)/explore/shortlist-partners/page.tsx
268:31  Warning: Using `<img>` could result in slower LCP and higher bandwidth. Consider using `<Image />` from 
`next/image` to automatically optimize images. This may incur additional usage or cost from your provider. See: 
https://nextjs.org/docs/messages/no-img-element  @next/next/no-img-element

./src/app/(app)/(dashboard-pages)/explore/view-all/page.tsx
237:6  Warning: React Hook useEffect has missing dependencies: 'aiDiscoverData' and 'isUsingAiData'. Either include 
them or remove the dependency array.  react-hooks/exhaustive-deps
364:5  Warning: React Hook useCallback has missing dependencies: 'searchState.partnershipType', 
'searchState.sectorsCommaSeparated', and 'searchState.subSectorsCommaSeparated'. Either include them or remove the 
dependency array.  react-hooks/exhaustive-deps
407:5  Warning: React Hook useCallback has a missing dependency: 'searchState.partnershipType'. Either include it or 
remove the dependency array.  react-hooks/exhaustive-deps
411:7  Warning: React Hook useCallback has a complex expression in the dependency array. Extract it to a separate 
variable so it can be statically checked.  react-hooks/exhaustive-deps

./src/app/(app)/(dashboard-pages)/explore/[id]/_components/PieChart.tsx
42:6  Warning: React Hook React.useMemo has a missing dependency: 'chartData'. Either include it or remove the 
dependency array.  react-hooks/exhaustive-deps

./src/app/(app)/(dashboard-pages)/explore/_components/FilterChip.tsx
100:6  Warning: React Hook useEffect has a missing dependency: 'onFiltersChange'. Either include it or remove the 
dependency array. If 'onFiltersChange' changes too often, find the parent component that defines it and wrap that 
definition in useCallback.  react-hooks/exhaustive-deps

./src/app/(app)/(dashboard-pages)/explore/_components/Filters.tsx
76:6  Warning: React Hook useEffect has missing dependencies: 'debouncedSearch' and 'setSearchQuery'. Either include 
them or remove the dependency array. If 'setSearchQuery' changes too often, find the parent component that defines it 
and wrap that definition in useCallback.  react-hooks/exhaustive-deps

./src/app/(app)/(dashboard-pages)/explore/_components/mobile-components/MobileHeader.tsx
52:6  Warning: React Hook useEffect has missing dependencies: 'debouncedSearch' and 'setSearchQuery'. Either include 
them or remove the dependency array. If 'setSearchQuery' changes too often, find the parent component that defines it 
and wrap that definition in useCallback.  react-hooks/exhaustive-deps

./src/app/(app)/(dashboard-pages)/explore/_components/preference-setting/PreferenceDialog.tsx
146:6  Warning: React Hook useEffect has missing dependencies: 'formData' and 'stepFields'. Either include them or 
remove the dependency array.  react-hooks/exhaustive-deps

./src/app/(app)/(dashboard-pages)/explore-2/_components/company-details-drawer.tsx
74:6  Warning: React Hook useEffect has a missing dependency: 'organization'. Either include it or remove the 
dependency array.  react-hooks/exhaustive-deps

./src/app/(app)/(dashboard-pages)/explore-2/_components/saved-orgs.tsx
44:6  Warning: React Hook useEffect has a missing dependency: 'savedLoading'. Either include it or remove the 
dependency array.  react-hooks/exhaustive-deps

./src/app/(app)/(dashboard-pages)/getting-started/_components/edit-profile.tsx
86:6  Warning: React Hook useEffect has a missing dependency: 'form'. Either include it or remove the dependency 
array.  react-hooks/exhaustive-deps

./src/app/(app)/(dashboard-pages)/home/form-builder/page.tsx
884:25  Warning: Using `<img>` could result in slower LCP and higher bandwidth. Consider using `<Image />` from 
`next/image` to automatically optimize images. This may incur additional usage or cost from your provider. See: 
https://nextjs.org/docs/messages/no-img-element  @next/next/no-img-element

./src/app/(app)/(dashboard-pages)/home/form-viewer/page.tsx
815:23  Warning: Using `<img>` could result in slower LCP and higher bandwidth. Consider using `<Image />` from 
`next/image` to automatically optimize images. This may incur additional usage or cost from your provider. See: 
https://nextjs.org/docs/messages/no-img-element  @next/next/no-img-element

./src/app/(app)/(dashboard-pages)/home/partner-program/page.tsx
897:6  Warning: React Hook useEffect has a missing dependency: 'fetchFormAvailable'. Either include it or remove the 
dependency array.  react-hooks/exhaustive-deps
909:6  Warning: React Hook useEffect has a missing dependency: 'fetchPersonaDetails'. Either include it or remove the 
dependency array.  react-hooks/exhaustive-deps
958:6  Warning: React Hook useEffect has a missing dependency: 'checkFormLinking'. Either include it or remove the 
dependency array.  react-hooks/exhaustive-deps

./src/app/(app)/(dashboard-pages)/integrations/page.tsx
281:6  Warning: React Hook useCallback has a missing dependency: 'searchParams?.state'. Either include it or remove 
the dependency array.  react-hooks/exhaustive-deps

./src/app/(app)/(dashboard-pages)/my-data/connect-crm/page.tsx
17:7  Warning: Using `<img>` could result in slower LCP and higher bandwidth. Consider using `<Image />` from 
`next/image` to automatically optimize images. This may incur additional usage or cost from your provider. See: 
https://nextjs.org/docs/messages/no-img-element  @next/next/no-img-element
33:7  Warning: Using `<img>` could result in slower LCP and higher bandwidth. Consider using `<Image />` from 
`next/image` to automatically optimize images. This may incur additional usage or cost from your provider. See: 
https://nextjs.org/docs/messages/no-img-element  @next/next/no-img-element
41:7  Warning: Using `<img>` could result in slower LCP and higher bandwidth. Consider using `<Image />` from 
`next/image` to automatically optimize images. This may incur additional usage or cost from your provider. See: 
https://nextjs.org/docs/messages/no-img-element  @next/next/no-img-element
124:11  Warning: Using `<img>` could result in slower LCP and higher bandwidth. Consider using `<Image />` from 
`next/image` to automatically optimize images. This may incur additional usage or cost from your provider. See: 
https://nextjs.org/docs/messages/no-img-element  @next/next/no-img-element
182:15  Warning: Using `<img>` could result in slower LCP and higher bandwidth. Consider using `<Image />` from 
`next/image` to automatically optimize images. This may incur additional usage or cost from your provider. See: 
https://nextjs.org/docs/messages/no-img-element  @next/next/no-img-element

./src/app/(app)/(dashboard-pages)/my-data/customer-insights/_components/connect-hubpsot.tsx
63:6  Warning: React Hook useEffect has a missing dependency: 'handleGetColumns'. Either include it or remove the 
dependency array.  react-hooks/exhaustive-deps

./src/app/(app)/(dashboard-pages)/my-data/customer-insights/_components/connect-zoho.tsx
66:6  Warning: React Hook useEffect has a missing dependency: 'handleGetColumns'. Either include it or remove the 
dependency array.  react-hooks/exhaustive-deps

./src/app/(app)/(dashboard-pages)/my-data/field-mapping/page.tsx
253:6  Warning: React Hook useCallback has a missing dependency: 'searchParams'. Either include it or remove the 
dependency array.  react-hooks/exhaustive-deps
910:6  Warning: React Hook useEffect has missing dependencies: 'autoMapHeaders' and 'refetch'. Either include them or 
remove the dependency array.  react-hooks/exhaustive-deps

./src/app/(app)/(dashboard-pages)/my-data/manage-groups/page.tsx
177:6  Warning: React Hook useEffect has a missing dependency: 'getClassNameForGroup'. Either include it or remove the 
dependency array.  react-hooks/exhaustive-deps

./src/app/(app)/(dashboard-pages)/my-data/_components/ActionPopover.tsx
78:6  Warning: React Hook useEffect has a missing dependency: 'handleExport'. Either include it or remove the 
dependency array.  react-hooks/exhaustive-deps

./src/app/(app)/(dashboard-pages)/my-data/_components/ConnectYourCRM.tsx
19:7  Warning: Using `<img>` could result in slower LCP and higher bandwidth. Consider using `<Image />` from 
`next/image` to automatically optimize images. This may incur additional usage or cost from your provider. See: 
https://nextjs.org/docs/messages/no-img-element  @next/next/no-img-element
25:7  Warning: Using `<img>` could result in slower LCP and higher bandwidth. Consider using `<Image />` from 
`next/image` to automatically optimize images. This may incur additional usage or cost from your provider. See: 
https://nextjs.org/docs/messages/no-img-element  @next/next/no-img-element
31:7  Warning: Using `<img>` could result in slower LCP and higher bandwidth. Consider using `<Image />` from 
`next/image` to automatically optimize images. This may incur additional usage or cost from your provider. See: 
https://nextjs.org/docs/messages/no-img-element  @next/next/no-img-element

./src/app/(app)/(dashboard-pages)/my-data/_components/DataPrivacyDialog.tsx
326:6  Warning: React Hook useEffect has a missing dependency: 'permissionKeyMap'. Either include it or remove the 
dependency array.  react-hooks/exhaustive-deps

./src/app/(app)/(dashboard-pages)/my-data/_components/OtherWaysToConnect.tsx
183:13  Warning: Using `<img>` could result in slower LCP and higher bandwidth. Consider using `<Image />` from 
`next/image` to automatically optimize images. This may incur additional usage or cost from your provider. See: 
https://nextjs.org/docs/messages/no-img-element  @next/next/no-img-element
208:13  Warning: Using `<img>` could result in slower LCP and higher bandwidth. Consider using `<Image />` from 
`next/image` to automatically optimize images. This may incur additional usage or cost from your provider. See: 
https://nextjs.org/docs/messages/no-img-element  @next/next/no-img-element
249:15  Warning: Using `<img>` could result in slower LCP and higher bandwidth. Consider using `<Image />` from 
`next/image` to automatically optimize images. This may incur additional usage or cost from your provider. See: 
https://nextjs.org/docs/messages/no-img-element  @next/next/no-img-element

./src/app/(app)/(dashboard-pages)/my-schedule/_components/SettingsDialog.tsx
107:6  Warning: React Hook useEffect has a missing dependency: 'api'. Either include it or remove the dependency 
array.  react-hooks/exhaustive-deps
213:5  Warning: React Hook useCallback has a missing dependency: 'api'. Either include it or remove the dependency 
array.  react-hooks/exhaustive-deps
284:5  Warning: React Hook useCallback has a missing dependency: 'defaultData'. Either include it or remove the 
dependency array.  react-hooks/exhaustive-deps

./src/app/(app)/(dashboard-pages)/my-schedule/_components/TimePicker.tsx
89:6  Warning: React Hook useEffect has missing dependencies: 'ampm', 'hour', and 'minute'. Either include them or 
remove the dependency array.  react-hooks/exhaustive-deps

./src/app/(app)/(dashboard-pages)/offline-partners/partnership/_components/task-activity/ActivityItem.tsx
10:7  Warning: Using `<img>` could result in slower LCP and higher bandwidth. Consider using `<Image />` from 
`next/image` to automatically optimize images. This may incur additional usage or cost from your provider. See: 
https://nextjs.org/docs/messages/no-img-element  @next/next/no-img-element

./src/app/(app)/(dashboard-pages)/offline-partners/partnership/_components/task-activity/CommentItem.tsx
19:9  Warning: Using `<img>` could result in slower LCP and higher bandwidth. Consider using `<Image />` from 
`next/image` to automatically optimize images. This may incur additional usage or cost from your provider. See: 
https://nextjs.org/docs/messages/no-img-element  @next/next/no-img-element

./src/app/(app)/(dashboard-pages)/offline-partners/_components/SendInviteDialog.tsx
59:6  Warning: React Hook useEffect has a missing dependency: 'handleSendInvite'. Either include it or remove the 
dependency array.  react-hooks/exhaustive-deps

./src/app/(app)/(dashboard-pages)/outreach-email/components/EmailComposer.tsx
111:6  Warning: React Hook useEffect has a missing dependency: 'code'. Either include it or remove the dependency 
array.  react-hooks/exhaustive-deps

./src/app/(app)/(dashboard-pages)/partner-mapping/report/page.tsx
119:6  Warning: React Hook useEffect has missing dependencies: 'data?.data?.records?.length' and 'handleExport'. 
Either include them or remove the dependency array.  react-hooks/exhaustive-deps

./src/app/(app)/(dashboard-pages)/partner-mapping/_components/MatrixTable.tsx
354:6  Warning: React Hook useEffect has a missing dependency: 'handleCompare'. Either include it or remove the 
dependency array.  react-hooks/exhaustive-deps

./src/app/(app)/(dashboard-pages)/partner-mapping/_components/ReportHistoryTable.tsx
86:19  Warning: Using `<img>` could result in slower LCP and higher bandwidth. Consider using `<Image />` from 
`next/image` to automatically optimize images. This may incur additional usage or cost from your provider. See: 
https://nextjs.org/docs/messages/no-img-element  @next/next/no-img-element

./src/app/(app)/(dashboard-pages)/partner-programs/_components/analytics.tsx
140:6  Warning: React Hook useCallback has a missing dependency: 'params?.code'. Either include it or remove the 
dependency array.  react-hooks/exhaustive-deps
144:6  Warning: React Hook useEffect has a missing dependency: 'fetchAnalyticsData'. Either include it or remove the 
dependency array.  react-hooks/exhaustive-deps

./src/app/(app)/(dashboard-pages)/partner-programs/_components/GraphTabs.tsx
41:6  Warning: React Hook useCallback has missing dependencies: 'params?.code' and 'to'. Either include them or remove 
the dependency array.  react-hooks/exhaustive-deps
47:6  Warning: React Hook useEffect has a missing dependency: 'fetchGraphData'. Either include it or remove the 
dependency array.  react-hooks/exhaustive-deps

./src/app/(app)/(dashboard-pages)/partner-programs/_components/LeadsTable.tsx
401:6  Warning: React Hook useCallback has missing dependencies: 'params?.code' and 'setAnalyticsData'. Either include 
them or remove the dependency array. If 'setAnalyticsData' changes too often, find the parent component that defines 
it and wrap that definition in useCallback.  react-hooks/exhaustive-deps

./src/app/(app)/(dashboard-pages)/partner-programs/_components/settings.tsx
122:6  Warning: React Hook useEffect has a missing dependency: 'form'. Either include it or remove the dependency 
array.  react-hooks/exhaustive-deps

./src/app/(app)/(dashboard-pages)/partner-space/[id]/page.tsx
197:6  Warning: React Hook useEffect has a missing dependency: 'id'. Either include it or remove the dependency array. 
 react-hooks/exhaustive-deps

./src/app/(app)/(dashboard-pages)/playground/index.tsx
89:6  Warning: React Hook useEffect has a missing dependency: 'token'. Either include it or remove the dependency 
array.  react-hooks/exhaustive-deps

./src/app/(app)/(dashboard-pages)/verify/page.tsx
140:6  Warning: React Hook useCallback has missing dependencies: 'dispatch', 'referralCode', and 
'updateEmailVerified'. Either include them or remove the dependency array.  react-hooks/exhaustive-deps

./src/app/(app)/(dashboard-pages)/_components/compability-drawer.tsx
40:6  Warning: React Hook React.useCallback has a missing dependency: 'prompt'. Either include it or remove the 
dependency array.  react-hooks/exhaustive-deps

./src/app/(app)/(dashboard-pages)/_components/follow-button.tsx
33:6  Warning: React Hook useEffect has missing dependencies: 'currentOrganizationId' and 'organizationId'. Either 
include them or remove the dependency array.  react-hooks/exhaustive-deps

./src/app/(app)/(dashboard-pages)/_components/generate-proposal.tsx
79:6  Warning: React Hook useEffect has a missing dependency: 'texts.length'. Either include it or remove the 
dependency array.  react-hooks/exhaustive-deps
108:6  Warning: React Hook useCallback has missing dependencies: 'senderOrg.id' and 'token'. Either include them or 
remove the dependency array.  react-hooks/exhaustive-deps

./src/app/(app)/(dashboard-pages)/_components/layout/all-page-topbar.tsx
88:6  Warning: React Hook useEffect has missing dependencies: 'dispatch' and 'newNotification'. Either include them or 
remove the dependency array.  react-hooks/exhaustive-deps

./src/app/(app)/(dashboard-pages)/_components/layout/inside-tour/InsideTour.tsx
265:6  Warning: React Hook useEffect has a missing dependency: 'defaultSteps'. Either include it or remove the 
dependency array.  react-hooks/exhaustive-deps

./src/app/(app)/(dashboard-pages)/_components/SlotCalender/index.jsx
152:6  Warning: React Hook useEffect has missing dependencies: 'busy' and 'removeOccupiedTimeSlots'. Either include 
them or remove the dependency array.  react-hooks/exhaustive-deps

./src/app/(app)/(dashboard-pages)/_components/startup/startup-profile.tsx
107:6  Warning: React Hook useEffect has a missing dependency: 'getCredits'. Either include it or remove the 
dependency array.  react-hooks/exhaustive-deps

./src/app/(app)/proposal/_components/create-proposal-v2.tsx
84:6  Warning: React Hook useEffect has a missing dependency: 'loadingTexts.length'. Either include it or remove the 
dependency array.  react-hooks/exhaustive-deps

./src/app/(app)/proposal/_components/select-partnership-type.tsx
62:6  Warning: React Hook useEffect has a missing dependency: 'texts.length'. Either include it or remove the 
dependency array.  react-hooks/exhaustive-deps
113:6  Warning: React Hook useCallback has missing dependencies: 'senderOrg.id', 'setExpectations', 'setIsDialogOpen', 
'setOffers', and 'token'. Either include them or remove the dependency array. If 'setExpectations' changes too often, 
find the parent component that defines it and wrap that definition in useCallback.  react-hooks/exhaustive-deps

./src/app/(app)/proposal/_components/step2-expectations.tsx
62:9  Warning: The 'safeExpectations' conditional could make the dependencies of useCallback Hook (at line 108) change 
on every render. To fix this, wrap the initialization of 'safeExpectations' in its own useMemo() Hook.  
react-hooks/exhaustive-deps
62:9  Warning: The 'safeExpectations' conditional could make the dependencies of useCallback Hook (at line 140) change 
on every render. To fix this, wrap the initialization of 'safeExpectations' in its own useMemo() Hook.  
react-hooks/exhaustive-deps
62:9  Warning: The 'safeExpectations' conditional could make the dependencies of useCallback Hook (at line 176) change 
on every render. To fix this, wrap the initialization of 'safeExpectations' in its own useMemo() Hook.  
react-hooks/exhaustive-deps
62:9  Warning: The 'safeExpectations' conditional could make the dependencies of useCallback Hook (at line 193) change 
on every render. To fix this, wrap the initialization of 'safeExpectations' in its own useMemo() Hook.  
react-hooks/exhaustive-deps
62:9  Warning: The 'safeExpectations' conditional could make the dependencies of useMemo Hook (at line 212) change on 
every render. To fix this, wrap the initialization of 'safeExpectations' in its own useMemo() Hook.  
react-hooks/exhaustive-deps
63:9  Warning: The 'safeOptions' conditional could make the dependencies of useMemo Hook (at line 83) change on every 
render. To fix this, wrap the initialization of 'safeOptions' in its own useMemo() Hook.  react-hooks/exhaustive-deps
63:9  Warning: The 'safeOptions' conditional could make the dependencies of useCallback Hook (at line 108) change on 
every render. To fix this, wrap the initialization of 'safeOptions' in its own useMemo() Hook.  
react-hooks/exhaustive-deps
254:23  Warning: Using `<img>` could result in slower LCP and higher bandwidth. Consider using `<Image />` from 
`next/image` to automatically optimize images. This may incur additional usage or cost from your provider. See: 
https://nextjs.org/docs/messages/no-img-element  @next/next/no-img-element
324:23  Warning: Using `<img>` could result in slower LCP and higher bandwidth. Consider using `<Image />` from 
`next/image` to automatically optimize images. This may incur additional usage or cost from your provider. See: 
https://nextjs.org/docs/messages/no-img-element  @next/next/no-img-element

./src/app/(app)/proposal/_components/step3-offers.tsx
167:23  Warning: Using `<img>` could result in slower LCP and higher bandwidth. Consider using `<Image />` from 
`next/image` to automatically optimize images. This may incur additional usage or cost from your provider. See: 
https://nextjs.org/docs/messages/no-img-element  @next/next/no-img-element
224:23  Warning: Using `<img>` could result in slower LCP and higher bandwidth. Consider using `<Image />` from 
`next/image` to automatically optimize images. This may incur additional usage or cost from your provider. See: 
https://nextjs.org/docs/messages/no-img-element  @next/next/no-img-element

./src/app/(auth)/_components/login-form.tsx
60:6  Warning: React Hook useEffect has a missing dependency: 'handleLogin'. Either include it or remove the 
dependency array.  react-hooks/exhaustive-deps

./src/app/(auth-pages-new)/enterprise-onboarding/_components/FreeTrailPayment.tsx
82:6  Warning: React Hook useEffect has a missing dependency: 'premiumPricing'. Either include it or remove the 
dependency array.  react-hooks/exhaustive-deps

./src/app/(auth-pages-new)/free-trial/onboardingv2/page.tsx
213:6  Warning: React Hook useEffect has a missing dependency: 'router'. Either include it or remove the dependency 
array.  react-hooks/exhaustive-deps
628:6  Warning: React Hook useEffect has a missing dependency: 'nextStep'. Either include it or remove the dependency 
array.  react-hooks/exhaustive-deps

./src/app/(document-sign)/mou/[id]/sign/page.tsx
66:6  Warning: React Hook useEffect has missing dependencies: 'pdfUrl' and 'router'. Either include them or remove the 
dependency array.  react-hooks/exhaustive-deps

./src/app/(marketing)/partner-mapping-resource/partner-program/page.tsx
120:7  Warning: Using `<img>` could result in slower LCP and higher bandwidth. Consider using `<Image />` from 
`next/image` to automatically optimize images. This may incur additional usage or cost from your provider. See: 
https://nextjs.org/docs/messages/no-img-element  @next/next/no-img-element

./src/app/(marketing)/why-sharkdom/founder/_components/Header.tsx
22:13  Warning: Using `<img>` could result in slower LCP and higher bandwidth. Consider using `<Image />` from 
`next/image` to automatically optimize images. This may incur additional usage or cost from your provider. See: 
https://nextjs.org/docs/messages/no-img-element  @next/next/no-img-element

./src/app/(marketing)/why-sharkdom/founder/_components/WhySharkdom.tsx
32:11  Warning: Using `<img>` could result in slower LCP and higher bandwidth. Consider using `<Image />` from 
`next/image` to automatically optimize images. This may incur additional usage or cost from your provider. See: 
https://nextjs.org/docs/messages/no-img-element  @next/next/no-img-element
69:11  Warning: Using `<img>` could result in slower LCP and higher bandwidth. Consider using `<Image />` from 
`next/image` to automatically optimize images. This may incur additional usage or cost from your provider. See: 
https://nextjs.org/docs/messages/no-img-element  @next/next/no-img-element
84:11  Warning: Using `<img>` could result in slower LCP and higher bandwidth. Consider using `<Image />` from 
`next/image` to automatically optimize images. This may incur additional usage or cost from your provider. See: 
https://nextjs.org/docs/messages/no-img-element  @next/next/no-img-element
99:11  Warning: Using `<img>` could result in slower LCP and higher bandwidth. Consider using `<Image />` from 
`next/image` to automatically optimize images. This may incur additional usage or cost from your provider. See: 
https://nextjs.org/docs/messages/no-img-element  @next/next/no-img-element
116:11  Warning: Using `<img>` could result in slower LCP and higher bandwidth. Consider using `<Image />` from 
`next/image` to automatically optimize images. This may incur additional usage or cost from your provider. See: 
https://nextjs.org/docs/messages/no-img-element  @next/next/no-img-element

./src/app/(marketing)/why-sharkdom/growth-team/_components/Header.tsx
22:13  Warning: Using `<img>` could result in slower LCP and higher bandwidth. Consider using `<Image />` from 
`next/image` to automatically optimize images. This may incur additional usage or cost from your provider. See: 
https://nextjs.org/docs/messages/no-img-element  @next/next/no-img-element

./src/app/(marketing)/why-sharkdom/growth-team/_components/WhySharkdom.tsx
32:11  Warning: Using `<img>` could result in slower LCP and higher bandwidth. Consider using `<Image />` from 
`next/image` to automatically optimize images. This may incur additional usage or cost from your provider. See: 
https://nextjs.org/docs/messages/no-img-element  @next/next/no-img-element
69:11  Warning: Using `<img>` could result in slower LCP and higher bandwidth. Consider using `<Image />` from 
`next/image` to automatically optimize images. This may incur additional usage or cost from your provider. See: 
https://nextjs.org/docs/messages/no-img-element  @next/next/no-img-element
84:11  Warning: Using `<img>` could result in slower LCP and higher bandwidth. Consider using `<Image />` from 
`next/image` to automatically optimize images. This may incur additional usage or cost from your provider. See: 
https://nextjs.org/docs/messages/no-img-element  @next/next/no-img-element
99:11  Warning: Using `<img>` could result in slower LCP and higher bandwidth. Consider using `<Image />` from 
`next/image` to automatically optimize images. This may incur additional usage or cost from your provider. See: 
https://nextjs.org/docs/messages/no-img-element  @next/next/no-img-element
116:11  Warning: Using `<img>` could result in slower LCP and higher bandwidth. Consider using `<Image />` from 
`next/image` to automatically optimize images. This may incur additional usage or cost from your provider. See: 
https://nextjs.org/docs/messages/no-img-element  @next/next/no-img-element

./src/app/(marketing)/why-sharkdom/partner-managers/_components/Header.tsx
22:13  Warning: Using `<img>` could result in slower LCP and higher bandwidth. Consider using `<Image />` from 
`next/image` to automatically optimize images. This may incur additional usage or cost from your provider. See: 
https://nextjs.org/docs/messages/no-img-element  @next/next/no-img-element

./src/app/(marketing)/why-sharkdom/partner-managers/_components/WhySharkdom.tsx
32:11  Warning: Using `<img>` could result in slower LCP and higher bandwidth. Consider using `<Image />` from 
`next/image` to automatically optimize images. This may incur additional usage or cost from your provider. See: 
https://nextjs.org/docs/messages/no-img-element  @next/next/no-img-element
69:11  Warning: Using `<img>` could result in slower LCP and higher bandwidth. Consider using `<Image />` from 
`next/image` to automatically optimize images. This may incur additional usage or cost from your provider. See: 
https://nextjs.org/docs/messages/no-img-element  @next/next/no-img-element
84:11  Warning: Using `<img>` could result in slower LCP and higher bandwidth. Consider using `<Image />` from 
`next/image` to automatically optimize images. This may incur additional usage or cost from your provider. See: 
https://nextjs.org/docs/messages/no-img-element  @next/next/no-img-element
99:11  Warning: Using `<img>` could result in slower LCP and higher bandwidth. Consider using `<Image />` from 
`next/image` to automatically optimize images. This may incur additional usage or cost from your provider. See: 
https://nextjs.org/docs/messages/no-img-element  @next/next/no-img-element
116:11  Warning: Using `<img>` could result in slower LCP and higher bandwidth. Consider using `<Image />` from 
`next/image` to automatically optimize images. This may incur additional usage or cost from your provider. See: 
https://nextjs.org/docs/messages/no-img-element  @next/next/no-img-element

./src/app/(marketing)/why-sharkdom/product-manager/_components/Header.tsx
22:13  Warning: Using `<img>` could result in slower LCP and higher bandwidth. Consider using `<Image />` from 
`next/image` to automatically optimize images. This may incur additional usage or cost from your provider. See: 
https://nextjs.org/docs/messages/no-img-element  @next/next/no-img-element

./src/app/(marketing)/why-sharkdom/product-manager/_components/WhySharkdom.tsx
32:11  Warning: Using `<img>` could result in slower LCP and higher bandwidth. Consider using `<Image />` from 
`next/image` to automatically optimize images. This may incur additional usage or cost from your provider. See: 
https://nextjs.org/docs/messages/no-img-element  @next/next/no-img-element
69:11  Warning: Using `<img>` could result in slower LCP and higher bandwidth. Consider using `<Image />` from 
`next/image` to automatically optimize images. This may incur additional usage or cost from your provider. See: 
https://nextjs.org/docs/messages/no-img-element  @next/next/no-img-element
84:11  Warning: Using `<img>` could result in slower LCP and higher bandwidth. Consider using `<Image />` from 
`next/image` to automatically optimize images. This may incur additional usage or cost from your provider. See: 
https://nextjs.org/docs/messages/no-img-element  @next/next/no-img-element
99:11  Warning: Using `<img>` could result in slower LCP and higher bandwidth. Consider using `<Image />` from 
`next/image` to automatically optimize images. This may incur additional usage or cost from your provider. See: 
https://nextjs.org/docs/messages/no-img-element  @next/next/no-img-element
116:11  Warning: Using `<img>` could result in slower LCP and higher bandwidth. Consider using `<Image />` from 
`next/image` to automatically optimize images. This may incur additional usage or cost from your provider. See: 
https://nextjs.org/docs/messages/no-img-element  @next/next/no-img-element

./src/app/(marketing)/why-sharkdom/sales-team/_components/Header.tsx
22:13  Warning: Using `<img>` could result in slower LCP and higher bandwidth. Consider using `<Image />` from 
`next/image` to automatically optimize images. This may incur additional usage or cost from your provider. See: 
https://nextjs.org/docs/messages/no-img-element  @next/next/no-img-element

./src/app/(marketing)/why-sharkdom/sales-team/_components/WhySharkdom.tsx
32:11  Warning: Using `<img>` could result in slower LCP and higher bandwidth. Consider using `<Image />` from 
`next/image` to automatically optimize images. This may incur additional usage or cost from your provider. See: 
https://nextjs.org/docs/messages/no-img-element  @next/next/no-img-element
69:11  Warning: Using `<img>` could result in slower LCP and higher bandwidth. Consider using `<Image />` from 
`next/image` to automatically optimize images. This may incur additional usage or cost from your provider. See: 
https://nextjs.org/docs/messages/no-img-element  @next/next/no-img-element
84:11  Warning: Using `<img>` could result in slower LCP and higher bandwidth. Consider using `<Image />` from 
`next/image` to automatically optimize images. This may incur additional usage or cost from your provider. See: 
https://nextjs.org/docs/messages/no-img-element  @next/next/no-img-element
99:11  Warning: Using `<img>` could result in slower LCP and higher bandwidth. Consider using `<Image />` from 
`next/image` to automatically optimize images. This may incur additional usage or cost from your provider. See: 
https://nextjs.org/docs/messages/no-img-element  @next/next/no-img-element
116:11  Warning: Using `<img>` could result in slower LCP and higher bandwidth. Consider using `<Image />` from 
`next/image` to automatically optimize images. This may incur additional usage or cost from your provider. See: 
https://nextjs.org/docs/messages/no-img-element  @next/next/no-img-element

./src/app/(marketing)/_components/home/sharkdom-features.tsx
28:35  Warning: The ref value 'domRef.current' will likely have changed by the time this effect cleanup function runs. 
If this ref points to a node rendered by React, copy 'domRef.current' to a variable inside the effect, and use that 
variable in the cleanup function.  react-hooks/exhaustive-deps

./src/app/(marketing)/_components/home-v2/StoryTelling.tsx
39:15  Warning: Using `<img>` could result in slower LCP and higher bandwidth. Consider using `<Image />` from 
`next/image` to automatically optimize images. This may incur additional usage or cost from your provider. See: 
https://nextjs.org/docs/messages/no-img-element  @next/next/no-img-element
44:19  Warning: Using `<img>` could result in slower LCP and higher bandwidth. Consider using `<Image />` from 
`next/image` to automatically optimize images. This may incur additional usage or cost from your provider. See: 
https://nextjs.org/docs/messages/no-img-element  @next/next/no-img-element
44:19  Warning: img elements must have an alt prop, either with meaningful text, or an empty string for decorative 
images.  jsx-a11y/alt-text
56:21  Warning: Using `<img>` could result in slower LCP and higher bandwidth. Consider using `<Image />` from 
`next/image` to automatically optimize images. This may incur additional usage or cost from your provider. See: 
https://nextjs.org/docs/messages/no-img-element  @next/next/no-img-element
82:23  Warning: Using `<img>` could result in slower LCP and higher bandwidth. Consider using `<Image />` from 
`next/image` to automatically optimize images. This may incur additional usage or cost from your provider. See: 
https://nextjs.org/docs/messages/no-img-element  @next/next/no-img-element

./src/app/(marketing)/_components/home-v2/SuparchargePartner.tsx
319:13  Warning: Using `<img>` could result in slower LCP and higher bandwidth. Consider using `<Image />` from 
`next/image` to automatically optimize images. This may incur additional usage or cost from your provider. See: 
https://nextjs.org/docs/messages/no-img-element  @next/next/no-img-element

./src/app/(meeting)/meeting/MeetingAppContainer.tsx
73:8  Warning: React Hook useEffect has an unnecessary dependency: 'raisedHandsParticipants'. Either exclude it or 
remove the dependency array. Outer scope values like 'raisedHandsParticipants' aren't valid dependencies because 
mutating them doesn't re-render the component.  react-hooks/exhaustive-deps

./src/app/(meeting)/meeting/_components/JoiningScreen.tsx
280:6  Warning: React Hook useEffect has missing dependencies: 'getDevices', 'micEnabled', and 'webcamEnabled'. Either 
include them or remove the dependency array.  react-hooks/exhaustive-deps

./src/app/(onboarding)/_components/gift-step.tsx
50:6  Warning: React Hook useEffect has a missing dependency: 'steps'. Either include it or remove the dependency 
array.  react-hooks/exhaustive-deps

./src/app/(startup)/company/layout.tsx
25:6  Warning: React Hook useEffect has a missing dependency: 'protectedRouteLayoutConditions'. Either include it or 
remove the dependency array.  react-hooks/exhaustive-deps

./src/app/(startup)/company/_components/CompabilityCheck.tsx
103:6  Warning: React Hook useEffect has a missing dependency: 'prompt'. Either include it or remove the dependency 
array.  react-hooks/exhaustive-deps

./src/app/(startup)/company/_components/persona-chart.tsx
95:6  Warning: React Hook useEffect has a missing dependency: 'currentData'. Either include it or remove the 
dependency array.  react-hooks/exhaustive-deps

./src/app/(startup)/company/_components/VienDiagram.tsx
88:6  Warning: React Hook useEffect has a missing dependency: 'sets'. Either include it or remove the dependency 
array.  react-hooks/exhaustive-deps

./src/app/(startup-program)/startup-program/mentorship/page.tsx
59:6  Warning: React Hook useEffect has a missing dependency: 'getProgress'. Either include it or remove the 
dependency array.  react-hooks/exhaustive-deps
65:6  Warning: React Hook useEffect has missing dependencies: 'isProgressFetched' and 'updateProgress'. Either include 
them or remove the dependency array.  react-hooks/exhaustive-deps

./src/app/(startup-program)/startup-program/_components/VideoGallery.tsx
83:6  Warning: React Hook useEffect has a missing dependency: 'sections'. Either include it or remove the dependency 
array.  react-hooks/exhaustive-deps

./src/app/admin-portal/_components/CampaignTable.tsx
50:6  Warning: React Hook useEffect has a missing dependency: 'getEmailCampaignsData'. Either include it or remove the 
dependency array.  react-hooks/exhaustive-deps

./src/app/admin-portal/_components/demo-details-table.tsx
52:6  Warning: React Hook useCallback has a missing dependency: 'token'. Either include it or remove the dependency 
array.  react-hooks/exhaustive-deps

./src/app/admin-portal/_components/partner-alert-table.tsx
37:6  Warning: React Hook useCallback has a missing dependency: 'token'. Either include it or remove the dependency 
array.  react-hooks/exhaustive-deps

./src/app/admin-portal/_components/SimpleAiRecommendDialog.tsx
101:6  Warning: React Hook useEffect has a missing dependency: 'fetchOrganizations'. Either include it or remove the 
dependency array.  react-hooks/exhaustive-deps

./src/app/admin-portal/_components/statistics-table.tsx
80:6  Warning: React Hook useCallback has a missing dependency: 'token'. Either include it or remove the dependency 
array.  react-hooks/exhaustive-deps

./src/app/onboarding-v2/components/steps/Step01.tsx
33:11  Warning: Using `<img>` could result in slower LCP and higher bandwidth. Consider using `<Image />` from 
`next/image` to automatically optimize images. This may incur additional usage or cost from your provider. See: 
https://nextjs.org/docs/messages/no-img-element  @next/next/no-img-element
40:13  Warning: Using `<img>` could result in slower LCP and higher bandwidth. Consider using `<Image />` from 
`next/image` to automatically optimize images. This may incur additional usage or cost from your provider. See: 
https://nextjs.org/docs/messages/no-img-element  @next/next/no-img-element

./src/app/onboarding-v2/components/steps/Step02.tsx
80:11  Warning: Using `<img>` could result in slower LCP and higher bandwidth. Consider using `<Image />` from 
`next/image` to automatically optimize images. This may incur additional usage or cost from your provider. See: 
https://nextjs.org/docs/messages/no-img-element  @next/next/no-img-element
87:13  Warning: Using `<img>` could result in slower LCP and higher bandwidth. Consider using `<Image />` from 
`next/image` to automatically optimize images. This may incur additional usage or cost from your provider. See: 
https://nextjs.org/docs/messages/no-img-element  @next/next/no-img-element

./src/app/onboarding-v2/components/steps/Step03.tsx
29:11  Warning: Using `<img>` could result in slower LCP and higher bandwidth. Consider using `<Image />` from 
`next/image` to automatically optimize images. This may incur additional usage or cost from your provider. See: 
https://nextjs.org/docs/messages/no-img-element  @next/next/no-img-element
36:13  Warning: Using `<img>` could result in slower LCP and higher bandwidth. Consider using `<Image />` from 
`next/image` to automatically optimize images. This may incur additional usage or cost from your provider. See: 
https://nextjs.org/docs/messages/no-img-element  @next/next/no-img-element

./src/app/onboarding-v2/components/steps/Step04.tsx
44:11  Warning: Using `<img>` could result in slower LCP and higher bandwidth. Consider using `<Image />` from 
`next/image` to automatically optimize images. This may incur additional usage or cost from your provider. See: 
https://nextjs.org/docs/messages/no-img-element  @next/next/no-img-element
51:13  Warning: Using `<img>` could result in slower LCP and higher bandwidth. Consider using `<Image />` from 
`next/image` to automatically optimize images. This may incur additional usage or cost from your provider. See: 
https://nextjs.org/docs/messages/no-img-element  @next/next/no-img-element

./src/app/onboarding-v2/components/steps/Step05.tsx
53:11  Warning: Using `<img>` could result in slower LCP and higher bandwidth. Consider using `<Image />` from 
`next/image` to automatically optimize images. This may incur additional usage or cost from your provider. See: 
https://nextjs.org/docs/messages/no-img-element  @next/next/no-img-element
60:13  Warning: Using `<img>` could result in slower LCP and higher bandwidth. Consider using `<Image />` from 
`next/image` to automatically optimize images. This may incur additional usage or cost from your provider. See: 
https://nextjs.org/docs/messages/no-img-element  @next/next/no-img-element

./src/app/onboarding-v2/components/steps/Step06.tsx
54:11  Warning: Using `<img>` could result in slower LCP and higher bandwidth. Consider using `<Image />` from 
`next/image` to automatically optimize images. This may incur additional usage or cost from your provider. See: 
https://nextjs.org/docs/messages/no-img-element  @next/next/no-img-element
61:13  Warning: Using `<img>` could result in slower LCP and higher bandwidth. Consider using `<Image />` from 
`next/image` to automatically optimize images. This may incur additional usage or cost from your provider. See: 
https://nextjs.org/docs/messages/no-img-element  @next/next/no-img-element

./src/app/onboarding-v2/components/steps/Step07.tsx
54:11  Warning: Using `<img>` could result in slower LCP and higher bandwidth. Consider using `<Image />` from 
`next/image` to automatically optimize images. This may incur additional usage or cost from your provider. See: 
https://nextjs.org/docs/messages/no-img-element  @next/next/no-img-element
61:13  Warning: Using `<img>` could result in slower LCP and higher bandwidth. Consider using `<Image />` from 
`next/image` to automatically optimize images. This may incur additional usage or cost from your provider. See: 
https://nextjs.org/docs/messages/no-img-element  @next/next/no-img-element

./src/app/onboarding-v2/components/steps/Step08.tsx
44:11  Warning: Using `<img>` could result in slower LCP and higher bandwidth. Consider using `<Image />` from 
`next/image` to automatically optimize images. This may incur additional usage or cost from your provider. See: 
https://nextjs.org/docs/messages/no-img-element  @next/next/no-img-element
51:13  Warning: Using `<img>` could result in slower LCP and higher bandwidth. Consider using `<Image />` from 
`next/image` to automatically optimize images. This may incur additional usage or cost from your provider. See: 
https://nextjs.org/docs/messages/no-img-element  @next/next/no-img-element

./src/app/onboarding-v2/components/steps/Step09.tsx
43:11  Warning: Using `<img>` could result in slower LCP and higher bandwidth. Consider using `<Image />` from 
`next/image` to automatically optimize images. This may incur additional usage or cost from your provider. See: 
https://nextjs.org/docs/messages/no-img-element  @next/next/no-img-element
50:13  Warning: Using `<img>` could result in slower LCP and higher bandwidth. Consider using `<Image />` from 
`next/image` to automatically optimize images. This may incur additional usage or cost from your provider. See: 
https://nextjs.org/docs/messages/no-img-element  @next/next/no-img-element

./src/app/onboarding-v2/components/steps/Step10.tsx
55:11  Warning: Using `<img>` could result in slower LCP and higher bandwidth. Consider using `<Image />` from 
`next/image` to automatically optimize images. This may incur additional usage or cost from your provider. See: 
https://nextjs.org/docs/messages/no-img-element  @next/next/no-img-element
62:13  Warning: Using `<img>` could result in slower LCP and higher bandwidth. Consider using `<Image />` from 
`next/image` to automatically optimize images. This may incur additional usage or cost from your provider. See: 
https://nextjs.org/docs/messages/no-img-element  @next/next/no-img-element

./src/app/onboarding-v2/components/steps/Step11.tsx
41:11  Warning: Using `<img>` could result in slower LCP and higher bandwidth. Consider using `<Image />` from 
`next/image` to automatically optimize images. This may incur additional usage or cost from your provider. See: 
https://nextjs.org/docs/messages/no-img-element  @next/next/no-img-element
48:13  Warning: Using `<img>` could result in slower LCP and higher bandwidth. Consider using `<Image />` from 
`next/image` to automatically optimize images. This may incur additional usage or cost from your provider. See: 
https://nextjs.org/docs/messages/no-img-element  @next/next/no-img-element

./src/app/onboarding-v2/components/steps/Step12.tsx
53:11  Warning: Using `<img>` could result in slower LCP and higher bandwidth. Consider using `<Image />` from 
`next/image` to automatically optimize images. This may incur additional usage or cost from your provider. See: 
https://nextjs.org/docs/messages/no-img-element  @next/next/no-img-element
60:13  Warning: Using `<img>` could result in slower LCP and higher bandwidth. Consider using `<Image />` from 
`next/image` to automatically optimize images. This may incur additional usage or cost from your provider. See: 
https://nextjs.org/docs/messages/no-img-element  @next/next/no-img-element

./src/app/onboarding-v2/components/steps/Step13.tsx
50:11  Warning: Using `<img>` could result in slower LCP and higher bandwidth. Consider using `<Image />` from 
`next/image` to automatically optimize images. This may incur additional usage or cost from your provider. See: 
https://nextjs.org/docs/messages/no-img-element  @next/next/no-img-element
57:13  Warning: Using `<img>` could result in slower LCP and higher bandwidth. Consider using `<Image />` from 
`next/image` to automatically optimize images. This may incur additional usage or cost from your provider. See: 
https://nextjs.org/docs/messages/no-img-element  @next/next/no-img-element

./src/app/onboarding-v2/components/steps/Step14.tsx
69:11  Warning: Using `<img>` could result in slower LCP and higher bandwidth. Consider using `<Image />` from 
`next/image` to automatically optimize images. This may incur additional usage or cost from your provider. See: 
https://nextjs.org/docs/messages/no-img-element  @next/next/no-img-element
76:13  Warning: Using `<img>` could result in slower LCP and higher bandwidth. Consider using `<Image />` from 
`next/image` to automatically optimize images. This may incur additional usage or cost from your provider. See: 
https://nextjs.org/docs/messages/no-img-element  @next/next/no-img-element

./src/app/onboarding-v2/components/steps/Step15.tsx
53:11  Warning: Using `<img>` could result in slower LCP and higher bandwidth. Consider using `<Image />` from 
`next/image` to automatically optimize images. This may incur additional usage or cost from your provider. See: 
https://nextjs.org/docs/messages/no-img-element  @next/next/no-img-element
60:13  Warning: Using `<img>` could result in slower LCP and higher bandwidth. Consider using `<Image />` from 
`next/image` to automatically optimize images. This may incur additional usage or cost from your provider. See: 
https://nextjs.org/docs/messages/no-img-element  @next/next/no-img-element

./src/app/onboarding-v2.1/page.tsx
235:6  Warning: React Hook useEffect has missing dependencies: 'searchParams' and 'step'. Either include them or 
remove the dependency array.  react-hooks/exhaustive-deps
677:6  Warning: React Hook useEffect has a missing dependency: 'nextStep'. Either include it or remove the dependency 
array.  react-hooks/exhaustive-deps

./src/app/partner-portal/_components/partner-portal-login-form.tsx
130:14  Error: `'` can be escaped with `&apos;`, `&lsquo;`, `&#39;`, `&rsquo;`.  react/no-unescaped-entities

./src/app/unsubscribe/page.tsx
23:6  Warning: React Hook useEffect has a missing dependency: 'handleUnsubscribe'. Either include it or remove the 
dependency array.  react-hooks/exhaustive-deps

./src/components/company-details/CompanyDetailsCard.tsx
193:11  Warning: Using `<img>` could result in slower LCP and higher bandwidth. Consider using `<Image />` from 
`next/image` to automatically optimize images. This may incur additional usage or cost from your provider. See: 
https://nextjs.org/docs/messages/no-img-element  @next/next/no-img-element

./src/components/company-details/TimeZoneCard.tsx
115:11  Warning: Using `<img>` could result in slower LCP and higher bandwidth. Consider using `<Image />` from 
`next/image` to automatically optimize images. This may incur additional usage or cost from your provider. See: 
https://nextjs.org/docs/messages/no-img-element  @next/next/no-img-element

./src/components/GoogleFormPicker.tsx
95:6  Warning: React Hook useEffect has missing dependencies: 'openPicker' and 'pickerInstance'. Either include them 
or remove the dependency array.  react-hooks/exhaustive-deps

./src/components/marketing/EbookDownloadSection.tsx
73:11  Warning: Using `<img>` could result in slower LCP and higher bandwidth. Consider using `<Image />` from 
`next/image` to automatically optimize images. This may incur additional usage or cost from your provider. See: 
https://nextjs.org/docs/messages/no-img-element  @next/next/no-img-element
105:13  Warning: Using `<img>` could result in slower LCP and higher bandwidth. Consider using `<Image />` from 
`next/image` to automatically optimize images. This may incur additional usage or cost from your provider. See: 
https://nextjs.org/docs/messages/no-img-element  @next/next/no-img-element

./src/components/partner-details/IPPDetailsCard.tsx
139:11  Warning: Using `<img>` could result in slower LCP and higher bandwidth. Consider using `<Image />` from 
`next/image` to automatically optimize images. This may incur additional usage or cost from your provider. See: 
https://nextjs.org/docs/messages/no-img-element  @next/next/no-img-element

./src/components/partner-details/ProductMarketCard.tsx
228:11  Warning: Using `<img>` could result in slower LCP and higher bandwidth. Consider using `<Image />` from 
`next/image` to automatically optimize images. This may incur additional usage or cost from your provider. See: 
https://nextjs.org/docs/messages/no-img-element  @next/next/no-img-element

./src/components/subscription/AddressContactCard.tsx
133:11  Warning: Using `<img>` could result in slower LCP and higher bandwidth. Consider using `<Image />` from 
`next/image` to automatically optimize images. This may incur additional usage or cost from your provider. See: 
https://nextjs.org/docs/messages/no-img-element  @next/next/no-img-element

./src/components/subscription/SubscriptionCard.tsx
32:11  Warning: Using `<img>` could result in slower LCP and higher bandwidth. Consider using `<Image />` from 
`next/image` to automatically optimize images. This may incur additional usage or cost from your provider. See: 
https://nextjs.org/docs/messages/no-img-element  @next/next/no-img-element
91:13  Warning: Using `<img>` could result in slower LCP and higher bandwidth. Consider using `<Image />` from 
`next/image` to automatically optimize images. This may incur additional usage or cost from your provider. See: 
https://nextjs.org/docs/messages/no-img-element  @next/next/no-img-element

./src/components/ui/google-gemini-effect.tsx
39:9  Warning: The 'pathLengths' array makes the dependencies of useEffect Hook (at line 116) change on every render. 
To fix this, wrap the initialization of 'pathLengths' in its own useMemo() Hook.  react-hooks/exhaustive-deps

./src/components/ui/multi-select.tsx
218:7  Warning: React Hook React.useCallback has a missing dependency: 'onChange'. Either include it or remove the 
dependency array. If 'onChange' changes too often, find the parent component that defines it and wrap that definition 
in useCallback.  react-hooks/exhaustive-deps
236:7  Warning: React Hook React.useCallback has a missing dependency: 'handleUnselect'. Either include it or remove 
the dependency array.  react-hooks/exhaustive-deps
277:8  Warning: React Hook useEffect has missing dependencies: 'groupBy', 'onSearch', and 'triggerSearchOnFocus'. 
Either include them or remove the dependency array. If 'onSearch' changes too often, find the parent component that 
defines it and wrap that definition in useCallback.  react-hooks/exhaustive-deps

./src/components/ui/sonner.tsx
175:9  Warning: The 'contextValue' object makes the dependencies of useEffect Hook (at line 185) change on every 
render. To fix this, wrap the initialization of 'contextValue' in its own useMemo() Hook.  react-hooks/exhaustive-deps

info  - Need to disable some ESLint rules? Learn more here: 
https://nextjs.org/docs/basic-features/eslint#disabling-rules
ΓÇëELIFECYCLEΓÇë Command failed with exit code 1.
